// Jest Snapshot v1, https://goo.gl/fbAQLP

exports[`Edit component matches snapshot 1`] = `
<div>
  <div
    data-testid="inspector-controls"
  >
    <div
      data-testid="panel-body"
      data-title="Settings"
    >
      <div
        data-testid="toggle-control"
      />
    </div>
  </div>
  <p
    class="wp-block-copyright-date"
  >
    Â© 
    2024
  </p>
</div>
`;
